---
source: damsel-cli/tests/cli_snapshots.rs
expression: normalized
---
host_os: <host_os>
host_architecture: <host_architecture>
target_triple: <target_triple>
overall_status: <status>
capabilities:
  macho_analysis: <status>
  fixture_rebuild: <status>
  fixture_drift_check: <status>
  bench_compile: <status>
  bench_runtime: <status>
  benchmark: <status>
tools:
  xcrun: <tool_status>
  strip: <tool_status>
  clang: <tool_status>
  python3: <tool_status>
  nm: <tool_status>
  sdk_path_probe: <tool_status>
  sha256sum: <tool_status>
  shasum: <tool_status>
  openssl: <tool_status>
  selected_hash_tool: <tool>
issues: <summary>
