---
source: damsel-cli/tests/cli_snapshots.rs
assertion_line: 92
expression: stdout
---
dyld: dylibs=1 rpaths=0 exports=2 function_starts=2 bindings=1 stubs=1 helpers=0 rebases=false binds=true chained_fixups=true
import_bindings:
         0x100004028             0x4028 /usr/lib/libSystem.B.dylib     _puts                    addend=0 source=IndirectSymbol ordinal=1 symidx=8 weak=false
stubs:
         0x1000005ac section=__TEXT:__stubs ptr_section=__DATA_CONST:__got ptr=0x100004028 helper=- ordinal=1 /usr/lib/libSystem.B.dylib:_puts source=Stub
